Bot: search_bot_v1
Stake: white
Deck: RED
Profile: P1
Unlocks: all
Seeds: 34
First seed: 2132984486
Bot: search_bot_v1
Stake: white
Deck: RED
Profile: P1
Unlocks: all
Seeds: 34
Seed label: white:phase7-current-known-discard-200-worker0:explicit
First seed: 2132984486
Endpoints: http://127.0.0.1:12346
Replay mode: summary
Start retries: 1
Failed seed retries: 1
Run timeout: 1800.0s
[1/34] seed=2132984486 won=False ante=5 score=3650 money=35 runtime=193.78s
[2/34] seed=1481629126 won=False ante=7 score=52733 money=92 runtime=235.14s
[3/34] seed=921611128 won=False ante=7 score=22902 money=0 runtime=183.38s
[4/34] seed=1114829481 won=False ante=3 score=7518 money=15 runtime=106.76s
[5/34] seed=1290828642 won=False ante=6 score=19776 money=15 runtime=332.21s
[6/34] seed=374032877 won=False ante=3 score=1203 money=4 runtime=102.42s
[7/34] seed=341095956 won=False ante=3 score=5542 money=30 runtime=128.02s
[8/34] seed=2119498160 won=False ante=1 score=508 money=1 runtime=45.47s
[9/34] seed=1070656963 won=False ante=6 score=19710 money=54 runtime=180.65s
[10/34] seed=1924281996 won=False ante=2 score=1047 money=15 runtime=34.07s
[11/34] seed=1181054769 won=False ante=2 score=1153 money=11 runtime=77.82s
[12/34] seed=1658547909 won=False ante=6 score=36927 money=34 runtime=145.84s
[13/34] seed=969889374 won=False ante=5 score=14837 money=33 runtime=176.47s
[14/34] seed=338180081 won=False ante=5 score=14630 money=1 runtime=223.89s
[15/34] seed=1145253668 won=False ante=4 score=6915 money=23 runtime=131.24s
[16/34] seed=1665990098 won=True ante=8 score=106172 money=34 runtime=250.16s
[17/34] seed=848902430 won=False ante=5 score=3642 money=47 runtime=275.08s
[18/34] seed=1955360042 won=False ante=1 score=263 money=4 runtime=15.89s
[19/34] seed=1283404590 won=False ante=5 score=10688 money=39 runtime=224.93s
[20/34] seed=1010395512 won=False ante=2 score=1582 money=1 runtime=80.30s
[21/34] seed=1265528758 won=False ante=2 score=652 money=21 runtime=56.78s
[22/34] seed=319203084 won=False ante=0 score=0 money=0 runtime=114.50s death=error:BalatroBridgeError: Balatro bridge error: {'data': {'name': 'BAD_REQUEST'}, 'code': -32001, 'message': "Card 'c_hanged_man' requires 1
[23/34] seed=2132906939 won=False ante=2 score=772 money=13 runtime=73.52s
[24/34] seed=1113126566 won=False ante=2 score=1533 money=17 runtime=91.13s
[25/34] seed=1451166994 won=False ante=3 score=2743 money=8 runtime=98.11s
[26/34] seed=934855776 won=False ante=7 score=30594 money=57 runtime=267.55s
[27/34] seed=433107180 won=False ante=6 score=22152 money=31 runtime=315.31s
[28/34] seed=1332260222 won=False ante=1 score=290 money=4 runtime=15.92s
[29/34] seed=349040050 won=False ante=8 score=23104 money=4 runtime=207.16s
[30/34] seed=1450426793 won=False ante=6 score=12594 money=29 runtime=204.29s
[31/34] seed=831979757 won=False ante=5 score=7510 money=1 runtime=165.61s
[32/34] seed=1566085320 won=False ante=2 score=1401 money=11 runtime=73.95s
[33/34] seed=933028682 won=False ante=6 score=28047 money=25 runtime=230.67s
[34/34] seed=1100511375 won=False ante=5 score=15810 money=26 runtime=144.73s
Retry 1: rerunning 1 failed seed(s) on healthy endpoint(s).
[retry 1] seed=319203084 won=False ante=0 score=0 money=0 runtime=101.45s death=error:BalatroBridgeError: Balatro bridge error: {'data': {'name': 'BAD_REQUEST'}, 'code': -32001, 'message': "Card 'c_hanged_man' requires 1

Bot: search_bot_v1
Stake: white
Deck: RED
Profile: P1
Unlocks: all
Runs: 34
Win rate: 2.9%
Average ante: 4.15
Average final score: 14076.5
Average final money: 21.6
Average runtime: 152.64 sec/run
