Progress: 5/50
Progress: 10/50
Progress: 15/50
Progress: 20/50
Progress: 25/50
Progress: 30/50
Progress: 35/50
Progress: 40/50
Progress: 45/50
Progress: 50/50
Bot: search_bot_v1
Stake: white
Deck: unknown
Profile: unknown
Unlocks: unknown
Runs: 50
Win rate: 18.0%
Average ante: 5.98
Average final score: 26089.8
Average final money: 52.4
Average effective money: 207.5
Average income: 203.5
Average spent: 155.1
Average spend by type: jokers=61.6, consumables=14.8, packs=24.6, vouchers=27.6, rerolls=25.7, cards=0.1, other=0.0
Average tarot uses: total=2.98, The Wheel of Fortune=0.44, The Fool=0.38, The High Priestess=0.38, Temperance=0.34, The Hermit=0.34, The Emperor=0.22, Judgement=0.18, Death=0.10
Average runtime: 149.93 sec/run
